#
# There is insufficient memory for the Java Runtime Environment to continue.
# Native memory allocation (mmap) failed to map 264241152 bytes. Error detail: G1 virtual space
# Possible reasons:
#   The system is out of physical RAM or swap space
#   This process is running with CompressedOops enabled, and the Java Heap may be blocking the growth of the native heap
# Possible solutions:
#   Reduce memory load on the system
#   Increase physical memory or swap space
#   Check if swap backing store is full
#   Decrease Java heap size (-Xmx/-Xms)
#   Decrease number of Java threads
#   Decrease Java thread stack sizes (-Xss)
#   Set larger code cache with -XX:ReservedCodeCacheSize=
#   JVM is running with Zero Based Compressed Oops mode in which the Java heap is
#     placed in the first 32GB address space. The Java Heap base address is the
#     maximum limit for the native heap growth. Please use -XX:HeapBaseMinAddress
#     to set the Java Heap base and to place the Java Heap above 32GB virtual address.
# This output file may be truncated or incomplete.
#
#  Out of Memory Error (os_windows.cpp:3925), pid=16060, tid=8716
#
# JRE version:  (21.0.8) (build )
# Java VM: OpenJDK 64-Bit Server VM (21.0.8+-14196175-b1038.72, mixed mode, sharing, tiered, compressed oops, compressed class ptrs, g1 gc, windows-amd64)
# No core dump will be written. Minidumps are not enabled by default on client versions of Windows
#

---------------  S U M M A R Y ------------

Command Line: -Dnet.bytebuddy.agent.attacher.dump= net.bytebuddy.agent.Attacher com.sun.tools.attach.VirtualMachine 2756 C:\Users\franc\.gradle\caches\modules-2\files-2.1\net.bytebuddy\byte-buddy-agent\1.14.6\46e2545d7a97b6ccb195621650c5957279eb4812\byte-buddy-agent-1.14.6.jar false 

Host: 11th Gen Intel(R) Core(TM) i5-11400H @ 2.70GHz, 12 cores, 15G,  Windows 11 , 64 bit Build 26100 (10.0.26100.7019)
Time: Tue Nov 25 16:48:03 2025 Hora verano Sudamérica Pacífico elapsed time: 0.009199 seconds (0d 0h 0m 0s)

---------------  T H R E A D  ---------------

Current thread (0x000001df090c9340):  JavaThread "Unknown thread" [_thread_in_vm, id=8716, stack(0x000000bcb0a00000,0x000000bcb0b00000) (1024K)]

Stack: [0x000000bcb0a00000,0x000000bcb0b00000]
Native frames: (J=compiled Java code, j=interpreted, Vv=VM code, C=native code)
V  [jvm.dll+0x6d68d9]
V  [jvm.dll+0x866693]
V  [jvm.dll+0x868c4e]
V  [jvm.dll+0x869333]
V  [jvm.dll+0x280566]
V  [jvm.dll+0x6d3195]
V  [jvm.dll+0x6c69ea]
V  [jvm.dll+0x3586db]
V  [jvm.dll+0x360336]
V  [jvm.dll+0x3b23f6]
V  [jvm.dll+0x3b26c8]
V  [jvm.dll+0x32ae6c]
V  [jvm.dll+0x32bb5b]
V  [jvm.dll+0x82e109]
V  [jvm.dll+0x3bf5c8]
V  [jvm.dll+0x817388]
V  [jvm.dll+0x453b6e]
V  [jvm.dll+0x4552d1]
C  [jli.dll+0x52ab]
C  [ucrtbase.dll+0x37b0]
C  [KERNEL32.DLL+0x2e8d7]
C  [ntdll.dll+0x8c53c]


---------------  P R O C E S S  ---------------

Threads class SMR info:
_java_thread_list=0x00007fff862eb988, length=0, elements={
}

Java Threads: ( => current thread )
Total: 0

Other Threads:
  0x000001df0912cef0 WorkerThread "GC Thread#0"                     [id=13056, stack(0x000000bcb0b00000,0x000000bcb0c00000) (1024K)]
  0x000001df0913e670 ConcurrentGCThread "G1 Main Marker"            [id=12312, stack(0x000000bcb0c00000,0x000000bcb0d00000) (1024K)]
  0x000001df0913f820 WorkerThread "G1 Conc#0"                       [id=24000, stack(0x000000bcb0d00000,0x000000bcb0e00000) (1024K)]

[error occurred during error reporting (printing all threads), id 0xc0000005, EXCEPTION_ACCESS_VIOLATION (0xc0000005) at pc=0x00007fff85adddd7]
VM state: not at safepoint (not fully initialized)

VM Mutex/Monitor currently owned by a thread:  ([mutex/lock_event])
[0x00007fff863586b8] Heap_lock - owner thread: 0x000001df090c9340

Heap address: 0x0000000705a00000, size: 4006 MB, Compressed Oops mode: Zero based, Oop shift amount: 3

CDS archive(s) mapped at: [0x0000000000000000-0x0000000000000000-0x0000000000000000), size 0, SharedBaseAddress: 0x0000000800000000, ArchiveRelocationMode: 1.
Narrow klass base: 0x0000000000000000, Narrow klass shift: 0, Narrow klass range: 0x0

GC Precious Log:
 CardTable entry size: 512
 Card Set container configuration: InlinePtr #cards 4 size 8 Array Of Cards #cards 16 size 48 Howl #buckets 8 coarsen threshold 3686 Howl Bitmap #cards 512 size 80 coarsen threshold 460 Card regions per heap region 1 cards per card region 4096

Heap:
 garbage-first heap   total 0K, used 0K [0x0000000705a00000, 0x0000000800000000)
  region size 2048K, 0 young (0K), 0 survivors (0K)
 Metaspace       used 0K, committed 0K, reserved 0K
  class space    used 0K, committed 0K, reserved 0K

Heap Regions: E=young(eden), S=young(survivor), O=old, HS=humongous(starts), HC=humongous(continues), CS=collection set, F=free, TAMS=top-at-mark-start, PB=parsable bottom

Card table byte_map: [0x000001df1bf50000,0x000001df1c730000] _byte_map_base: 0x000001df18723000

Marking Bits: (CMBitMap*) 0x000001df0912d500
 Bits: [0x000001df1c730000, 0x000001df205c8000)

GC Heap History (0 events):
No events

Dll operation events (1 events):
Event: 0.005 Loaded shared library D:\Android Studio\jbr\bin\java.dll

Deoptimization events (0 events):
No events

Classes loaded (0 events):
No events

Classes unloaded (0 events):
No events

Classes redefined (0 events):
No events

Internal exceptions (0 events):
No events

ZGC Phase Switch (0 events):
No events

VM Operations (0 events):
No events

Memory protections (0 events):
No events

Nmethod flushes (0 events):
No events

Events (0 events):
No events


Dynamic libraries:
0x00007ff7ed6a0000 - 0x00007ff7ed6aa000 	D:\Android Studio\jbr\bin\java.exe
0x00007ff829a80000 - 0x00007ff829ce8000 	C:\WINDOWS\SYSTEM32\ntdll.dll
0x00007ff828820000 - 0x00007ff8288e9000 	C:\WINDOWS\System32\KERNEL32.DLL
0x00007ff826dd0000 - 0x00007ff8271c8000 	C:\WINDOWS\System32\KERNELBASE.dll
0x00007ff826c80000 - 0x00007ff826dcb000 	C:\WINDOWS\System32\ucrtbase.dll
0x00007ff8230c0000 - 0x00007ff8230d8000 	D:\Android Studio\jbr\bin\jli.dll
0x00007ff804f90000 - 0x00007ff804fab000 	D:\Android Studio\jbr\bin\VCRUNTIME140.dll
0x00007ff829820000 - 0x00007ff8299e7000 	C:\WINDOWS\System32\USER32.dll
0x00007ff8276c0000 - 0x00007ff8276e7000 	C:\WINDOWS\System32\win32u.dll
0x00007ff805990000 - 0x00007ff805c24000 	C:\WINDOWS\WinSxS\amd64_microsoft.windows.common-controls_6595b64144ccf1df_6.0.26100.7019_none_3e06ffa0e335b8a8\COMCTL32.dll
0x00007ff827820000 - 0x00007ff82784b000 	C:\WINDOWS\System32\GDI32.dll
0x00007ff829550000 - 0x00007ff8295f9000 	C:\WINDOWS\System32\msvcrt.dll
0x00007ff8276f0000 - 0x00007ff82781c000 	C:\WINDOWS\System32\gdi32full.dll
0x00007ff826bd0000 - 0x00007ff826c73000 	C:\WINDOWS\System32\msvcp_win.dll
0x00007ff8287a0000 - 0x00007ff8287d1000 	C:\WINDOWS\System32\IMM32.DLL
0x00007ff812e20000 - 0x00007ff812e2c000 	D:\Android Studio\jbr\bin\vcruntime140_1.dll
0x00007fffab230000 - 0x00007fffab2bd000 	D:\Android Studio\jbr\bin\msvcp140.dll
0x00007fff857a0000 - 0x00007fff86436000 	D:\Android Studio\jbr\bin\server\jvm.dll
0x00007ff8289e0000 - 0x00007ff828a94000 	C:\WINDOWS\System32\ADVAPI32.dll
0x00007ff8282c0000 - 0x00007ff828366000 	C:\WINDOWS\System32\sechost.dll
0x00007ff828430000 - 0x00007ff828548000 	C:\WINDOWS\System32\RPCRT4.dll
0x00007ff8297a0000 - 0x00007ff829814000 	C:\WINDOWS\System32\WS2_32.dll
0x00007ff826440000 - 0x00007ff82649e000 	C:\WINDOWS\SYSTEM32\POWRPROF.dll
0x00007ff812700000 - 0x00007ff812735000 	C:\WINDOWS\SYSTEM32\WINMM.dll
0x00007ff81c790000 - 0x00007ff81c79b000 	C:\WINDOWS\SYSTEM32\VERSION.dll
0x00007ff8263a0000 - 0x00007ff8263b4000 	C:\WINDOWS\SYSTEM32\UMPDC.dll
0x00007ff825970000 - 0x00007ff82598b000 	C:\WINDOWS\SYSTEM32\kernel.appcore.dll
0x00007ff812d80000 - 0x00007ff812d8a000 	D:\Android Studio\jbr\bin\jimage.dll
0x00007ff824040000 - 0x00007ff824282000 	C:\WINDOWS\SYSTEM32\DBGHELP.DLL
0x00007ff828aa0000 - 0x00007ff828e2b000 	C:\WINDOWS\System32\combase.dll
0x00007ff828900000 - 0x00007ff8289d7000 	C:\WINDOWS\System32\OLEAUT32.dll
0x00007fffecf60000 - 0x00007fffecf9c000 	C:\WINDOWS\SYSTEM32\dbgcore.DLL
0x00007ff827350000 - 0x00007ff8273f5000 	C:\WINDOWS\System32\bcryptPrimitives.dll
0x00007ff804040000 - 0x00007ff804060000 	D:\Android Studio\jbr\bin\java.dll

JVMTI agents: none

dbghelp: loaded successfully - version: 4.0.5 - missing functions: none
symbol engine: initialized successfully - sym options: 0x614 - pdb path: .;D:\Android Studio\jbr\bin;C:\WINDOWS\SYSTEM32;C:\WINDOWS\WinSxS\amd64_microsoft.windows.common-controls_6595b64144ccf1df_6.0.26100.7019_none_3e06ffa0e335b8a8;D:\Android Studio\jbr\bin\server

VM Arguments:
jvm_args: -Dnet.bytebuddy.agent.attacher.dump= 
java_command: net.bytebuddy.agent.Attacher com.sun.tools.attach.VirtualMachine 2756 C:\Users\franc\.gradle\caches\modules-2\files-2.1\net.bytebuddy\byte-buddy-agent\1.14.6\46e2545d7a97b6ccb195621650c5957279eb4812\byte-buddy-agent-1.14.6.jar false 
java_class_path (initial): C:\Users\franc\.gradle\caches\modules-2\files-2.1\net.bytebuddy\byte-buddy-agent\1.14.6\46e2545d7a97b6ccb195621650c5957279eb4812\byte-buddy-agent-1.14.6.jar
Launcher Type: SUN_STANDARD

[Global flags]
     intx CICompilerCount                          = 4                                         {product} {ergonomic}
     uint ConcGCThreads                            = 3                                         {product} {ergonomic}
     uint G1ConcRefinementThreads                  = 10                                        {product} {ergonomic}
   size_t G1HeapRegionSize                         = 2097152                                   {product} {ergonomic}
    uintx GCDrainStackTargetSize                   = 64                                        {product} {ergonomic}
   size_t InitialHeapSize                          = 264241152                                 {product} {ergonomic}
   size_t MarkStackSize                            = 4194304                                   {product} {ergonomic}
   size_t MaxHeapSize                              = 4200595456                                {product} {ergonomic}
   size_t MinHeapDeltaBytes                        = 2097152                                   {product} {ergonomic}
   size_t MinHeapSize                              = 8388608                                   {product} {ergonomic}
    uintx NonNMethodCodeHeapSize                   = 5839372                                {pd product} {ergonomic}
    uintx NonProfiledCodeHeapSize                  = 122909434                              {pd product} {ergonomic}
    uintx ProfiledCodeHeapSize                     = 122909434                              {pd product} {ergonomic}
    uintx ReservedCodeCacheSize                    = 251658240                              {pd product} {ergonomic}
     bool SegmentedCodeCache                       = true                                      {product} {ergonomic}
   size_t SoftMaxHeapSize                          = 4200595456                             {manageable} {ergonomic}
     bool UseCompressedOops                        = true                           {product lp64_product} {ergonomic}
     bool UseG1GC                                  = true                                      {product} {ergonomic}
     bool UseLargePagesIndividualAllocation        = false                                  {pd product} {ergonomic}

Logging:
Log output configuration:
 #0: stdout all=warning uptime,level,tags foldmultilines=false
 #1: stderr all=off uptime,level,tags foldmultilines=false

Environment Variables:
PATH=C:\Python314\Scripts\;C:\Python314\;C:\Program Files\Common Files\Oracle\Java\javapath;C:\windows\system32;C:\windows;C:\windows\System32\Wbem;C:\windows\System32\WindowsPowerShell\v1.0\;C:\windows\System32\OpenSSH\;C:\Program Files (x86)\NVIDIA Corporation\PhysX\Common;C:\Program Files\HP\HP One Agent;C:\Program Files\NVIDIA Corporation\NVIDIA app\NvDLISR;C:\WINDOWS\system32;C:\WINDOWS;C:\WINDOWS\System32\Wbem;C:\WINDOWS\System32\WindowsPowerShell\v1.0\;C:\WINDOWS\System32\OpenSSH\;C:\Program Files\Apache\Maven\apache-maven-3.9.9\bin;D:\Git\cmd;D:\;C:\ProgramData\chocolatey\bin;C:\Users\franc\AppData\Local\Programs\Python\Python312\Scripts\;C:\Users\franc\AppData\Local\Programs\Python\Python312\;C:\Users\franc\AppData\Local\Microsoft\WindowsApps;C:\Users\franc\AppData\Local\Programs\Microsoft VS Code\bin;C:\Users\franc\AppData\Local\GitHubDesktop\bin;C:\Users\franc\AppData\Roaming\npm
USERNAME=franc
OS=Windows_NT
PROCESSOR_IDENTIFIER=Intel64 Family 6 Model 141 Stepping 1, GenuineIntel
TMP=C:\Users\franc\AppData\Local\Temp
TEMP=C:\Users\franc\AppData\Local\Temp




Periodic native trim disabled

JNI global refs:
JNI global refs: 0, weak refs: 0

JNI global refs memory usage: 0, weak refs: 0

Process memory usage:
Resident Set Size: 13016K (0% of 16406592K total physical memory with 851492K free physical memory)

OOME stack traces (most recent first):
Classloader memory used:

---------------  S Y S T E M  ---------------

OS:
 Windows 11 , 64 bit Build 26100 (10.0.26100.7019)
OS uptime: 7 days 0:28 hours
Hyper-V role detected

CPU: total 12 (initial active 12) (6 cores per cpu, 2 threads per core) family 6 model 141 stepping 1 microcode 0x52, cx8, cmov, fxsr, ht, mmx, 3dnowpref, sse, sse2, sse3, ssse3, sse4.1, sse4.2, popcnt, lzcnt, tsc, tscinvbit, avx, avx2, aes, erms, clmul, bmi1, bmi2, adx, avx512f, avx512dq, avx512cd, avx512bw, avx512vl, sha, fma, vzeroupper, avx512_vpopcntdq, avx512_vpclmulqdq, avx512_vaes, avx512_vnni, clflush, clflushopt, clwb, avx512_vbmi2, avx512_vbmi, hv, rdtscp, rdpid, fsrm, gfni, avx512_bitalg, f16c, cet_ibt, cet_ss, avx512_ifma
Processor Information for the first 12 processors :
  Max Mhz: 2688, Current Mhz: 2688, Mhz Limit: 2688

Memory: 4k page, system-wide physical 16022M (831M free)
TotalPageFile size 22218M (AvailPageFile size 71M)
current process WorkingSet (physical memory assigned to process): 12M, peak: 12M
current process commit charge ("private bytes"): 64M, peak: 316M

vm_info: OpenJDK 64-Bit Server VM (21.0.8+-14196175-b1038.72) for windows-amd64 JRE (21.0.8+-14196175-b1038.72), built on 2025-10-01T10:24:33Z by "builder" with MS VC++ 16.10 / 16.11 (VS2019)

END.
